[backblue.gif]
[fade.gif]
[index.html]
[coinka.ga/manifest.json]
[cdn.viapush.com/cdn/v1/sdks/viapush.js]
[btc-gen.com/assets/images/favicon.png]
[freebitgenerator.com/assets/images/favicon.png]
[www.smartsuppchat.com/loaderd41d.js]
[coinka.ga/assets/images/Bitcoin Generator.png]
[coinka.ga/assets/images/icons/rocket.png]
[coinka.ga/assets/images/icons/icon-box-3.jpg]
[coinka.ga/assets/images/icons/icon-box-4.jpg]
[coinka.ga/assets/images/icons/icon-box-1.jpg]
[coinka.ga/assets/images/icons/icon-box-5.jpg]
[coinka.ga/assets/images/icons/icon-box-6.jpg]
[coinka.ga/assets/images/icons/icon-box-2.jpg]
[coinka.ga/assets/images/icons/loading.gif]
[coinka.ga/assets/plugins/jquery/jquery-3.1.1.min.js]
[coinka.ga/assets/plugins/bootstrap/js/bootstrap.min.js]
[code.jquery.com/ui/1.12.1/jquery-ui.js]
[coinka.ga/assets/plugins/ouibounce/ouibounce.min.js]
[coinka.ga/assets/plugins/terminal/typewriter.js]
[coinka.ga/assets/content/terminal.js]
[coinka.ga/assets/plugins/qr/qrcode.min.js]
[coinka.ga/assets/content/ajax/libs/toastr.js/latest/js/toastr.min.js]
[coinka.ga/assets/js/functions.js]
[freebitgenerator.com/assets/js/modules.js]
[freebitgenerator.com/assets/js/controller.js]
[coinka.ga/index.html]
[btc-gen.com/libs/font-awesome/4.7.0/css/font-awesome.html]
[coinka.ga/assets/plugins/bootstrap/css/bootstrap.min.css]
[btc-gen.com/assets/content/ui/1.12.1/themes/base/images/ui-icons_444444_256x240.png]
[btc-gen.com/assets/content/ui/1.12.1/themes/base/images/ui-icons_555555_256x240.png]
[btc-gen.com/assets/content/ui/1.12.1/themes/base/images/ui-icons_ffffff_256x240.png]
[btc-gen.com/assets/content/ui/1.12.1/themes/base/images/ui-icons_777620_256x240.png]
[btc-gen.com/assets/content/ui/1.12.1/themes/base/images/ui-icons_cc0000_256x240.png]
[btc-gen.com/assets/content/ui/1.12.1/themes/base/images/ui-icons_777777_256x240.png]
[coinka.ga/assets/content/ui/1.12.1/themes/base/jquery-ui.css]
[coinka.ga/assets/content/ajax/libs/toastr.js/latest/css/toastr.min.css]
[coinka.ga/assets/images/slide.jpg]
[coinka.ga/assets/css/style.css]
[coinka.ga/assets/css/responsive.css]
[coinka.ga/index-2.html]
[freebitgenerator.com/transactions/favicon.png]
[coinka.ga/transactions/index.html]
[coinka.ga/assets/images/icons/logo-white.png]
[coinka.ga/rules.html]
[coinka.ga/assets/plugins/bootstrap/fonts/glyphicons-halflings-regular.html]
[coinka.ga/assets/plugins/bootstrap/fonts/glyphicons-halflings-regular.eot-.html]
[coinka.ga/assets/plugins/bootstrap/fonts/glyphicons-halflings-regular-2.html]
[coinka.ga/assets/plugins/bootstrap/fonts/glyphicons-halflings-regular-3.html]
[coinka.ga/assets/plugins/bootstrap/fonts/glyphicons-halflings-regular-4.html]
[coinka.ga/assets/plugins/bootstrap/fonts/glyphicons-halflings-regular-5.html]
[www.bitcoincryptofinder.com/img/progress.png]
[coinka.ga/transactions/styles.css]
